[    1192ms] [ERROR] Connecting to 'https://api.seline.com/ennui/blase' violates the following Content Security Policy directive: "connect-src 'self'   https://*.chroniclehq.com wss://*.chroniclehq.com https://*.amazonaws.com https://*.googleapis.com https://api.liveblocks.io wss://*.liveblocks.io   https://*.auth0.com https://*.workos.com https://*.launchdarkly.com https://*.segment.com https://*.segment.io https://cdn.segment.com   https://api.segment.io https://*.datadoghq.com https://browser-intake-datadoghq.com https://session-replay-datadoghq.com https://*.dub.co   https://api-iam.intercom.io https://widget.intercom.io wss://*.intercom.io https://www.facebook.com https://www.google-analytics.com   https://www.google.com https://www.googleadservices.com https://*.a.run.app https://demo-1.conversionsapigateway.com https://*.mux.com   https://inferred.litix.io https://*.sprig.com https://googleads.g.doubleclick.net https://www.google.com.au". The action has been blocked. @ https://chroniclehq.com/_next/static/chunks/88875-587a7f6a99f7074c.js?dpl=dpl_BXQJr7XxTaY5BkEytykrDwPkFqWL:0
[    1236ms] [ERROR] Connecting to 'https://ad.doubleclick.net/ccm/s/collect?auid=734958956.1788947743&gtm=45He6930h1v9237177387za200zd9237177387xea&fmt=8' violates the following Content Security Policy directive: "connect-src 'self'   https://*.chroniclehq.com wss://*.chroniclehq.com https://*.amazonaws.com https://*.googleapis.com https://api.liveblocks.io wss://*.liveblocks.io   https://*.auth0.com https://*.workos.com https://*.launchdarkly.com https://*.segment.com https://*.segment.io https://cdn.segment.com   https://api.segment.io https://*.datadoghq.com https://browser-intake-datadoghq.com https://session-replay-datadoghq.com https://*.dub.co   https://api-iam.intercom.io https://widget.intercom.io wss://*.intercom.io https://www.facebook.com https://www.google-analytics.com   https://www.google.com https://www.googleadservices.com https://*.a.run.app https://demo-1.conversionsapigateway.com https://*.mux.com   https://inferred.litix.io https://*.sprig.com https://googleads.g.doubleclick.net https://www.google.com.au". The action has been blocked. @ https://www.googletagmanager.com/gtm.js?id=GTM-WGB4LF52:337
[    1236ms] [ERROR] Fetch API cannot load https://ad.doubleclick.net/ccm/s/collect?auid=734958956.1788947743&gtm=45He6930h1v9237177387za200zd9237177387xea&fmt=8. Refused to connect because it violates the document's Content Security Policy. @ https://www.googletagmanager.com/gtm.js?id=GTM-WGB4LF52:337
[    1647ms] [ERROR] Failed to load resource: the server responded with a status of 404 () @ https://chroniclehq.com/m/api/v2/logs?dd-api-key=pubdfd678bb2da6345538925eed4f3eb833&dd-evp-origin=content-security-policy&ddsource=csp-report:0
[    1762ms] [ERROR] Connecting to 'https://analytics.google.com/g/collect?v=2&tid=G-XWMRH57Y24&gtm=45je6930h1v9237179785z89237177387za20gzb9237177387zd9237177387&_p=1788947742902&_gaz=1&gcd=13l3l3l3l1l1&npa=0&dma=0&_eu=AAAAACAC&cid=1292515287.1788947744&frm=0&ibt=1&ngs=1&pscdl=noapi&rcb=6&sr=1710x1112&uaa=arm&uab=64&uafvl=Chromium%3B152.0.7977.83%7CNot%253FA_Brand%3B24.0.0.0%7CGoogle%2520Chrome%3B152.0.7977.83&uam=&uamb=0&uap=macOS&uapv=26.6.2&uaw=0&ul=en-us&_s=1&tag_exp=115616985~115938465~115938469~118897920~118897930~120213116~120385422~120469145~120469153&sid=1788947743&sct=1&seg=0&dl=https%3A%2F%2Fchroniclehq.com%2F&dt=Chronicle%3A%20AI%20Presentation%20Maker%20for%20Professional%20Slides%20%26%20AI%20PPT&en=page_view&_fv=1&_nsi=1&_ss=1&tfd=1755' violates the following Content Security Policy directive: "connect-src 'self'   https://*.chroniclehq.com wss://*.chroniclehq.com https://*.amazonaws.com https://*.googleapis.com https://api.liveblocks.io wss://*.liveblocks.io   https://*.auth0.com https://*.workos.com https://*.launchdarkly.com https://*.segment.com https://*.segment.io https://cdn.segment.com   https://api.segment.io https://*.datadoghq.com https://browser-intake-datadoghq.com https://session-replay-datadoghq.com https://*.dub.co   https://api-iam.intercom.io https://widget.intercom.io wss://*.intercom.io https://www.facebook.com https://www.google-analytics.com   https://www.google.com https://www.googleadservices.com https://*.a.run.app https://demo-1.conversionsapigateway.com https://*.mux.com   https://inferred.litix.io https://*.sprig.com https://googleads.g.doubleclick.net https://www.google.com.au". The action has been blocked. @ https://www.googletagmanager.com/gtag/js?id=G-XWMRH57Y24&cx=c&gtm=4e6930h1:302
[    1762ms] [ERROR] Fetch API cannot load https://analytics.google.com/g/collect?v=2&tid=G-XWMRH57Y24&gtm=45je6930h1v9237179785z89237177387za20gzb9237177387zd9237177387&_p=1788947742902&_gaz=1&gcd=13l3l3l3l1l1&npa=0&dma=0&_eu=AAAAACAC&cid=1292515287.1788947744&frm=0&ibt=1&ngs=1&pscdl=noapi&rcb=6&sr=1710x1112&uaa=arm&uab=64&uafvl=Chromium%3B152.0.7977.83%7CNot%253FA_Brand%3B24.0.0.0%7CGoogle%2520Chrome%3B152.0.7977.83&uam=&uamb=0&uap=macOS&uapv=26.6.2&uaw=0&ul=en-us&_s=1&tag_exp=115616985~115938465~115938469~118897920~118897930~120213116~120385422~120469145~120469153&sid=1788947743&sct=1&seg=0&dl=https%3A%2F%2Fchroniclehq.com%2F&dt=Chronicle%3A%20AI%20Presentation%20Maker%20for%20Professional%20Slides%20%26%20AI%20PPT&en=page_view&_fv=1&_nsi=1&_ss=1&tfd=1755. Refused to connect because it violates the document's Content Security Policy. @ https://www.googletagmanager.com/gtag/js?id=G-XWMRH57Y24&cx=c&gtm=4e6930h1:302
[    1763ms] [ERROR] Connecting to 'https://stats.g.doubleclick.net/g/collect?v=2&ngs=1&ibt=1&tid=G-XWMRH57Y24&cid=1292515287.1788947744&gtm=45je6930h1v9237179785z89237177387za20gzb9237177387zd9237177387&rcb=6&aip=1&dma=0&gcd=13l3l3l3l1l1&npa=0&frm=0&tag_exp=115616985~115938465~115938469~118897920~118897930~120213116~120385422~120469145~120469153' violates the following Content Security Policy directive: "connect-src 'self'   https://*.chroniclehq.com wss://*.chroniclehq.com https://*.amazonaws.com https://*.googleapis.com https://api.liveblocks.io wss://*.liveblocks.io   https://*.auth0.com https://*.workos.com https://*.launchdarkly.com https://*.segment.com https://*.segment.io https://cdn.segment.com   https://api.segment.io https://*.datadoghq.com https://browser-intake-datadoghq.com https://session-replay-datadoghq.com https://*.dub.co   https://api-iam.intercom.io https://widget.intercom.io wss://*.intercom.io https://www.facebook.com https://www.google-analytics.com   https://www.google.com https://www.googleadservices.com https://*.a.run.app https://demo-1.conversionsapigateway.com https://*.mux.com   https://inferred.litix.io https://*.sprig.com https://googleads.g.doubleclick.net https://www.google.com.au". The action has been blocked. @ https://www.googletagmanager.com/gtag/js?id=G-XWMRH57Y24&cx=c&gtm=4e6930h1:300
[    1843ms] [ERROR] Failed to load resource: the server responded with a status of 404 () @ https://chroniclehq.com/m/api/v2/logs?dd-api-key=pubdfd678bb2da6345538925eed4f3eb833&dd-evp-origin=content-security-policy&ddsource=csp-report:0
[    2066ms] [WARNING] [Meta Pixel] - Unable to parse JSON-LD tag. Malformed JSON found: '
		{
			"@context": "https://schema.org",
			"@type": "Organization",
			"name": "Chronicle: AI Presentation Maker for Professional Slides & AI PPT",
			"url": "https://chroniclehq.com/",
			"applicationCategory": "PresentationSoftware",
			"operatingSystem": "Web",
			"description": "Chronicle is the modern AI presentation software for creating professional, interactive AI PPT decks your audience will remember.",
			"creator": {
				"@type": "Organization",
				"name": "Chronicle",
				"url": "https://chroniclehq.com/"
			},
			"offers": {
				"@type": "Offer",
				"price": "0",
				"priceCurrency": "USD",
				"category": "FreeTrial",
				"url": "https://chroniclehq.com/"
			}
		}
		"
	'. @ https://connect.facebook.net/en_US/fbevents.js:201
[    2156ms] [ERROR] Failed to load resource: the server responded with a status of 404 () @ https://chroniclehq.com/m/api/v2/logs?dd-api-key=pubdfd678bb2da6345538925eed4f3eb833&dd-evp-origin=content-security-policy&ddsource=csp-report:0
[    2156ms] [ERROR] Failed to load resource: the server responded with a status of 404 () @ https://chroniclehq.com/m/api/v2/logs?dd-api-key=pubdfd678bb2da6345538925eed4f3eb833&dd-evp-origin=content-security-policy&ddsource=csp-report:0
[    2261ms] [ERROR] Loading the script 'https://cdn.jsdelivr.net/gh/hiunicornstudio/unicornstudio.js@v1.4.28/dist/unicornStudio.umd.js' violates the following Content Security Policy directive: "script-src 'self' 'unsafe-inline' 'unsafe-eval' https://www.googletagmanager.com https://www.googleadservices.com   https://www.google.com https://www.gstatic.com https://googleads.g.doubleclick.net https://connect.facebook.net https://*.segment.com   https://*.segment.io https://cdn.segment.com https://www.dubcdn.com https://widget.intercom.io https://js.intercomcdn.com https://*.launchdarkly.com   https://*.datadoghq.com https://*.dub.co https://cdn.sprig.com https://www.youtube.com". Note that 'script-src-elem' was not explicitly set, so 'script-src' is used as a fallback. The action has been blocked. @ https://chroniclehq.com/_next/static/chunks/60439-e9bf9a555f4a1ac4.js?dpl=dpl_BXQJr7XxTaY5BkEytykrDwPkFqWL:0
[    2585ms] [ERROR] Failed to load resource: the server responded with a status of 404 () @ https://chroniclehq.com/m/api/v2/logs?dd-api-key=pubdfd678bb2da6345538925eed4f3eb833&dd-evp-origin=content-security-policy&ddsource=csp-report:0
